<UIButton; frame = (0 0; 52 32); opaque = NO; tintColor = <UIDynamicCatalogColor; name = ypWhite>; backgroundColor = <UIDynamicCatalogColor; name = ypBlack>; layer = <CALayer>>
   | <UIButtonLabel; frame = (0 6; 52 20); text = 'Готово'; opaque = NO; userInteractionEnabled = NO; layer = <_UILabelLayer>>