<UITableView; frame = (0 0; 0 0); clipsToBounds = YES; gestureRecognizers = <NSArray>; backgroundColor = <UIDynamicSystemColor; name = tableBackgroundColor>; layer = <CALayer>; contentOffset: {0, -54}; contentSize: {0, 0}; adjustedContentInset: {54, 0, 0, 0}; dataSource: (null)>
   | <_UIScrollViewScrollIndicator; frame = (-42 -60; 36 3); alpha = 0; autoresize = TM; layer = <CALayer>>
   |    | <UIView; frame = (0 0; 36 3); backgroundColor = UIExtendedGrayColorSpace 0 0.35; layer = <CALayer>>
   | <_UIScrollViewScrollIndicator; frame = (-6 -93; 3 36); alpha = 0; autoresize = LM; layer = <CALayer>>
   |    | <UIView; frame = (0 0; 3 36); backgroundColor = UIExtendedGrayColorSpace 0 0.35; layer = <CALayer>>