<UIButton; frame = (0 0; 183 32); opaque = NO; tintColor = <UIDynamicCatalogColor; name = ypWhite>; backgroundColor = <UIDynamicCatalogColor; name = ypBlack>; layer = <CALayer>>
   | <UIButtonLabel; frame = (0 6; 183 20); text = 'Нерегулярное событие'; opaque = NO; userInteractionEnabled = NO; layer = <_UILabelLayer>>