<UIButton; frame = (0 0; 65 32); opaque = NO; backgroundColor = <UIDynamicCatalogColor; name = ypGray>; layer = <CALayer>>
   | <UIButtonLabel; frame = (0 6; 65 20); text = 'Создать'; opaque = NO; userInteractionEnabled = NO; layer = <_UILabelLayer>>