<UIButton; frame = (0 0; 162 32); opaque = NO; tintColor = <UIDynamicCatalogColor; name = ypWhite>; backgroundColor = <UIDynamicCatalogColor; name = ypBlack>; layer = <CALayer>>
   | <UIButtonLabel; frame = (0 6; 162 20); text = 'Добавить категорию'; opaque = NO; userInteractionEnabled = NO; layer = <_UILabelLayer>>